// Jest Snapshot v1, https://goo.gl/fbAQLP

exports[`<Package /> component should load the component 1`] = `"<div class=\\"css-f5mdyc e11fsc2k0\\"><div class=\\"css-54pbea e11fsc2k1\\"><a class=\\"css-xn7ljl e11fsc2k3\\" href=\\"detail/undefined\\"><span class=\\"css-bxt2bt e11fsc2k2\\"></span><span class=\\"css-9e04a4 e11fsc2k5\\">1.0.0 version</span></a><span class=\\"css-1wtjeiy e11fsc2k4\\"><span class=\\"css-1i9dl91 e11fsc2k7\\"><svg class=\\"MuiSvgIcon-root-1 css-heqh5o e11fsc2k6\\" focusable=\\"false\\" viewBox=\\"0 0 24 24\\" aria-hidden=\\"true\\" role=\\"presentation\\"><path d=\\"M11.99 2C6.47 2 2 6.48 2 12s4.47 10 9.99 10C17.52 22 22 17.52 22 12S17.52 2 11.99 2zM12 20c-4.42 0-8-3.58-8-8s3.58-8 8-8 8 3.58 8 8-3.58 8-8 8z\\"></path><path fill=\\"none\\" d=\\"M0 0h24v24H0z\\"></path><path d=\\"M12.5 7H11v6l5.25 3.15.75-1.23-4.5-2.67z\\"></path></svg>Published on 27.10.2018 â€¢ about 1 month ago</span></span></div><div class=\\"css-tywa7u e11fsc2k9\\"><div class=\\"css-r6baau e11fsc2k8\\"><div class=\\"css-12893nd e11fsc2k10\\">Author</div><div class=\\"css-1rrl5sf e11fsc2k12\\"><div class=\\"MuiAvatar-root-10 css-184899x e11fsc2k13\\"></div><div class=\\"css-yl9cfy e11fsc2k11\\">Sam</div></div></div><div class=\\"css-r6baau e11fsc2k8\\"><div class=\\"css-12893nd e11fsc2k10\\">Description</div><div class=\\"css-yl9cfy e11fsc2k11\\">Private NPM repository</div></div></div></div>"`;

exports[`<Package /> component should load the component without author 1`] = `"<section class=\\"package\\"><a href=\\"detail/verdaccio\\"><div class=\\"header\\"><div class=\\"title\\"><h1>verdaccio <div role=\\"button\\" class=\\"MuiChip-root-1\\" tabindex=\\"-1\\"><span class=\\"MuiChip-label-20\\">v1.0.0</span></div></h1></div><div role=\\"author\\" class=\\"author\\"></div></div><div class=\\"footer\\"><p class=\\"description\\">Private NPM repository</p></div><div class=\\"tags\\"></div><div class=\\"details\\"><div class=\\"homepage\\">Published about 1 month ago</div><div class=\\"license\\">MIT</div></div></a></section>"`;
